<?xml version="1.0" encoding="utf-8"?><testsuites name="pytest tests"><testsuite name="pytest" errors="0" failures="0" skipped="0" tests="3" time="0.529" timestamp="2026-09-16T09:27:54.668884+02:00" hostname="eduroam-tlh69.cesnet.cz"><testcase classname="tests.test_initialization" name="test_glitchtip_initialization" time="0.292" /><testcase classname="tests.test_user" name="test_add_anonymous_user_to_glitchtip" time="0.000" /><testcase classname="tests.test_user" name="test_add_authenticated_user_to_glitchtip" time="0.000" /></testsuite></testsuites>